<?xml version="1.0" encoding="utf-8"?>
<TestRun id="47810cfd-ab55-4be9-892b-4a6a6e04e4e6" name="@pkrvmpptgkbjq6m 2025-07-24 11:51:01" xmlns="http://microsoft.com/schemas/VisualStudio/TeamTest/2010">
  <Times creation="2025-07-24T11:51:01.1000229+00:00" queuing="2025-07-24T11:51:01.1000230+00:00" start="2025-07-24T11:50:59.9252756+00:00" finish="2025-07-24T11:51:01.1577651+00:00" />
  <TestSettings name="default" id="bfc56a84-063e-4038-91a3-4b8e2550693a">
    <Deployment runDeploymentRoot="_pkrvmpptgkbjq6m_2025-07-24_11_51_01" />
  </TestSettings>
  <Results>
    <UnitTestResult executionId="260e8162-e913-4f0a-a2ee-e9f641f3c545" testId="c9236041-cef3-be6e-7383-e854dbee47d1" testName="BlazorBasic.Tests.Models.PollOptionTests.PollOption_InitializesWithDefaultValues" computerName="pkrvmpptgkbjq6m" duration="00:00:00.0001929" startTime="2025-07-24T11:51:00.9139861+00:00" endTime="2025-07-24T11:51:00.9139861+00:00" testType="13cdc9d9-ddb5-4fa4-a97d-d965ccfc6d4b" outcome="Passed" testListId="8c84fa94-04c1-424b-9868-57a2d4851a1d" relativeResultsDirectory="260e8162-e913-4f0a-a2ee-e9f641f3c545" />
    <UnitTestResult executionId="cf094296-4000-4f88-b011-d97fca6e8427" testId="756badf8-4316-b446-e1c2-9a91375bc023" testName="BlazorBasic.Tests.Models.PollOptionTests.PollOption_CanSetAllProperties" computerName="pkrvmpptgkbjq6m" duration="00:00:00.0062890" startTime="2025-07-24T11:51:00.9070180+00:00" endTime="2025-07-24T11:51:00.9070536+00:00" testType="13cdc9d9-ddb5-4fa4-a97d-d965ccfc6d4b" outcome="Passed" testListId="8c84fa94-04c1-424b-9868-57a2d4851a1d" relativeResultsDirectory="cf094296-4000-4f88-b011-d97fca6e8427" />
    <UnitTestResult executionId="7bf7b804-02ec-48d5-a0bf-1286f1956c43" testId="0f005d8e-ca76-db0b-ea93-ae38478a77e3" testName="BlazorBasic.Tests.Services.PollServiceTests.GetTotalVotesAsync_WhenNoVotes_ReturnsZero" computerName="pkrvmpptgkbjq6m" duration="00:00:00.0120516" startTime="2025-07-24T11:51:01.0233714+00:00" endTime="2025-07-24T11:51:01.0233716+00:00" testType="13cdc9d9-ddb5-4fa4-a97d-d965ccfc6d4b" outcome="Passed" testListId="8c84fa94-04c1-424b-9868-57a2d4851a1d" relativeResultsDirectory="7bf7b804-02ec-48d5-a0bf-1286f1956c43" />
    <UnitTestResult executionId="79458c7b-aec4-4725-92c5-21fb0bdd3b61" testId="6c81a23a-f289-e8ba-02d1-60717f6344ec" testName="BlazorBasic.Tests.Models.PollDataTests.PollData_CanTrackVotingState" computerName="pkrvmpptgkbjq6m" duration="00:00:00.0005791" startTime="2025-07-24T11:51:00.9141366+00:00" endTime="2025-07-24T11:51:00.9141367+00:00" testType="13cdc9d9-ddb5-4fa4-a97d-d965ccfc6d4b" outcome="Passed" testListId="8c84fa94-04c1-424b-9868-57a2d4851a1d" relativeResultsDirectory="79458c7b-aec4-4725-92c5-21fb0bdd3b61" />
    <UnitTestResult executionId="bbe2c42e-6c85-4ca0-beaf-86bf1072caff" testId="3315d496-c6ff-7940-edb1-4b47cf6317dc" testName="BlazorBasic.Tests.Services.PollServiceTests.HasVotedAsync_WhenVoted_ReturnsTrue" computerName="pkrvmpptgkbjq6m" duration="00:00:00.0013786" startTime="2025-07-24T11:51:01.0632970+00:00" endTime="2025-07-24T11:51:01.0632970+00:00" testType="13cdc9d9-ddb5-4fa4-a97d-d965ccfc6d4b" outcome="Passed" testListId="8c84fa94-04c1-424b-9868-57a2d4851a1d" relativeResultsDirectory="bbe2c42e-6c85-4ca0-beaf-86bf1072caff" />
    <UnitTestResult executionId="8a51c65d-0037-4f40-9c63-a21b46531a7b" testId="f0f0bdf2-d79f-9c65-cc41-c23fec5a89f2" testName="BlazorBasic.Tests.Models.PollDataTests.PollData_CanSetAllProperties" computerName="pkrvmpptgkbjq6m" duration="00:00:00.0134156" startTime="2025-07-24T11:51:00.9140370+00:00" endTime="2025-07-24T11:51:00.9140371+00:00" testType="13cdc9d9-ddb5-4fa4-a97d-d965ccfc6d4b" outcome="Passed" testListId="8c84fa94-04c1-424b-9868-57a2d4851a1d" relativeResultsDirectory="8a51c65d-0037-4f40-9c63-a21b46531a7b" />
    <UnitTestResult executionId="5574e983-c801-4576-95c4-263e69c02b32" testId="e8b326ed-aee4-f0e4-2b8d-16d19312afde" testName="BlazorBasic.Tests.Services.PollServiceTests.GetPollDataAsync_WhenValidDataInLocalStorage_ReturnsStoredData" computerName="pkrvmpptgkbjq6m" duration="00:00:00.0044983" startTime="2025-07-24T11:51:01.0632271+00:00" endTime="2025-07-24T11:51:01.0632272+00:00" testType="13cdc9d9-ddb5-4fa4-a97d-d965ccfc6d4b" outcome="Passed" testListId="8c84fa94-04c1-424b-9868-57a2d4851a1d" relativeResultsDirectory="5574e983-c801-4576-95c4-263e69c02b32" />
    <UnitTestResult executionId="dd2f82d3-2d9f-4fdb-bf7d-c24b6d092b7a" testId="e09714d1-ef47-db38-3f88-829ddad528d4" testName="BlazorBasic.Tests.Models.PollDataTests.PollData_InitializesWithDefaultValues" computerName="pkrvmpptgkbjq6m" duration="00:00:00.0008792" startTime="2025-07-24T11:51:00.9142454+00:00" endTime="2025-07-24T11:51:00.9142454+00:00" testType="13cdc9d9-ddb5-4fa4-a97d-d965ccfc6d4b" outcome="Passed" testListId="8c84fa94-04c1-424b-9868-57a2d4851a1d" relativeResultsDirectory="dd2f82d3-2d9f-4fdb-bf7d-c24b6d092b7a" />
    <UnitTestResult executionId="ffbaba9c-1e05-4d64-b9dc-3d70fdf3f1de" testId="7b26bade-0ffe-af8b-02bc-2afb66add935" testName="BlazorBasic.Tests.Services.PollServiceTests.GetTotalVotesAsync_ReturnsCorrectTotal" computerName="pkrvmpptgkbjq6m" duration="00:00:00.0012526" startTime="2025-07-24T11:51:01.0633648+00:00" endTime="2025-07-24T11:51:01.0633648+00:00" testType="13cdc9d9-ddb5-4fa4-a97d-d965ccfc6d4b" outcome="Passed" testListId="8c84fa94-04c1-424b-9868-57a2d4851a1d" relativeResultsDirectory="ffbaba9c-1e05-4d64-b9dc-3d70fdf3f1de" />
    <UnitTestResult executionId="16fba62f-c731-4abc-9fdd-09bf9c5f7e2d" testId="7fbda73e-18fc-46f8-8cc4-08daeb7e784a" testName="BlazorBasic.Tests.Services.PollServiceTests.HasVotedAsync_WhenNotVoted_ReturnsFalse" computerName="pkrvmpptgkbjq6m" duration="00:00:00.0020110" startTime="2025-07-24T11:51:01.0630756+00:00" endTime="2025-07-24T11:51:01.0630756+00:00" testType="13cdc9d9-ddb5-4fa4-a97d-d965ccfc6d4b" outcome="Passed" testListId="8c84fa94-04c1-424b-9868-57a2d4851a1d" relativeResultsDirectory="16fba62f-c731-4abc-9fdd-09bf9c5f7e2d" />
    <UnitTestResult executionId="c90a57a4-de79-42ae-a392-690cb4b9d2c1" testId="e9fe33b1-32da-4071-6fcd-4df023da8e2b" testName="BlazorBasic.Tests.Services.PollServiceTests.GetResultsAsync_ReturnsAllPollOptions" computerName="pkrvmpptgkbjq6m" duration="00:00:00.0024359" startTime="2025-07-24T11:51:01.0631443+00:00" endTime="2025-07-24T11:51:01.0631443+00:00" testType="13cdc9d9-ddb5-4fa4-a97d-d965ccfc6d4b" outcome="Passed" testListId="8c84fa94-04c1-424b-9868-57a2d4851a1d" relativeResultsDirectory="c90a57a4-de79-42ae-a392-690cb4b9d2c1" />
    <UnitTestResult executionId="c92c6e4b-78a4-47d4-8ff5-2ec9dfe1b6e6" testId="c6fe54f4-15e6-ecfe-232d-357e131071bb" testName="BlazorBasic.Tests.Services.PollServiceTests.GetPollDataAsync_WhenNoDataInLocalStorage_ReturnsInitialPollData" computerName="pkrvmpptgkbjq6m" duration="00:00:00.0030564" startTime="2025-07-24T11:51:01.0628131+00:00" endTime="2025-07-24T11:51:01.0628133+00:00" testType="13cdc9d9-ddb5-4fa4-a97d-d965ccfc6d4b" outcome="Passed" testListId="8c84fa94-04c1-424b-9868-57a2d4851a1d" relativeResultsDirectory="c92c6e4b-78a4-47d4-8ff5-2ec9dfe1b6e6" />
    <UnitTestResult executionId="6a8c1fb5-264a-4d8f-9079-691f845b1b6e" testId="2669bdaa-6df6-04d0-fd28-c8599f7747c9" testName="BlazorBasic.Tests.Services.PollServiceTests.VoteAsync_WhenAlreadyVoted_ReturnsFalse" computerName="pkrvmpptgkbjq6m" duration="00:00:00.1196205" startTime="2025-07-24T11:51:01.0111572+00:00" endTime="2025-07-24T11:51:01.0111574+00:00" testType="13cdc9d9-ddb5-4fa4-a97d-d965ccfc6d4b" outcome="Passed" testListId="8c84fa94-04c1-424b-9868-57a2d4851a1d" relativeResultsDirectory="6a8c1fb5-264a-4d8f-9079-691f845b1b6e" />
    <UnitTestResult executionId="80223f59-dde1-4617-94c2-5c777ae74b73" testId="fe18a0da-63d6-c129-850b-e8b087db1342" testName="BlazorBasic.Tests.Models.PollDataTests.PollData_OptionsCollectionCanBeModified" computerName="pkrvmpptgkbjq6m" duration="00:00:00.0005506" startTime="2025-07-24T11:51:00.9143137+00:00" endTime="2025-07-24T11:51:00.9143138+00:00" testType="13cdc9d9-ddb5-4fa4-a97d-d965ccfc6d4b" outcome="Passed" testListId="8c84fa94-04c1-424b-9868-57a2d4851a1d" relativeResultsDirectory="80223f59-dde1-4617-94c2-5c777ae74b73" />
    <UnitTestResult executionId="efbd6cd3-3f49-4a03-8e2b-7f98d64fde6d" testId="d1db7887-a50a-2504-262d-e7015169fb86" testName="BlazorBasic.Tests.Models.PollOptionTests.PollOption_VoteCountCanBeIncremented" computerName="pkrvmpptgkbjq6m" duration="00:00:00.0002654" startTime="2025-07-24T11:51:00.9134187+00:00" endTime="2025-07-24T11:51:00.9134188+00:00" testType="13cdc9d9-ddb5-4fa4-a97d-d965ccfc6d4b" outcome="Passed" testListId="8c84fa94-04c1-424b-9868-57a2d4851a1d" relativeResultsDirectory="efbd6cd3-3f49-4a03-8e2b-7f98d64fde6d" />
  </Results>
  <TestDefinitions>
    <UnitTest name="BlazorBasic.Tests.Services.PollServiceTests.GetPollDataAsync_WhenNoDataInLocalStorage_ReturnsInitialPollData" storage="/home/runner/work/diodemolegal/diodemolegal/blazorbasic.tests/bin/debug/net8.0/blazorbasic.tests.dll" id="c6fe54f4-15e6-ecfe-232d-357e131071bb">
      <Execution id="c92c6e4b-78a4-47d4-8ff5-2ec9dfe1b6e6" />
      <TestMethod codeBase="/home/runner/work/DIODemoLegal/DIODemoLegal/BlazorBasic.Tests/bin/Debug/net8.0/BlazorBasic.Tests.dll" adapterTypeName="executor://xunit/VsTestRunner2/netcoreapp" className="BlazorBasic.Tests.Services.PollServiceTests" name="GetPollDataAsync_WhenNoDataInLocalStorage_ReturnsInitialPollData" />
    </UnitTest>
    <UnitTest name="BlazorBasic.Tests.Services.PollServiceTests.GetPollDataAsync_WhenValidDataInLocalStorage_ReturnsStoredData" storage="/home/runner/work/diodemolegal/diodemolegal/blazorbasic.tests/bin/debug/net8.0/blazorbasic.tests.dll" id="e8b326ed-aee4-f0e4-2b8d-16d19312afde">
      <Execution id="5574e983-c801-4576-95c4-263e69c02b32" />
      <TestMethod codeBase="/home/runner/work/DIODemoLegal/DIODemoLegal/BlazorBasic.Tests/bin/Debug/net8.0/BlazorBasic.Tests.dll" adapterTypeName="executor://xunit/VsTestRunner2/netcoreapp" className="BlazorBasic.Tests.Services.PollServiceTests" name="GetPollDataAsync_WhenValidDataInLocalStorage_ReturnsStoredData" />
    </UnitTest>
    <UnitTest name="BlazorBasic.Tests.Services.PollServiceTests.HasVotedAsync_WhenVoted_ReturnsTrue" storage="/home/runner/work/diodemolegal/diodemolegal/blazorbasic.tests/bin/debug/net8.0/blazorbasic.tests.dll" id="3315d496-c6ff-7940-edb1-4b47cf6317dc">
      <Execution id="bbe2c42e-6c85-4ca0-beaf-86bf1072caff" />
      <TestMethod codeBase="/home/runner/work/DIODemoLegal/DIODemoLegal/BlazorBasic.Tests/bin/Debug/net8.0/BlazorBasic.Tests.dll" adapterTypeName="executor://xunit/VsTestRunner2/netcoreapp" className="BlazorBasic.Tests.Services.PollServiceTests" name="HasVotedAsync_WhenVoted_ReturnsTrue" />
    </UnitTest>
    <UnitTest name="BlazorBasic.Tests.Models.PollOptionTests.PollOption_InitializesWithDefaultValues" storage="/home/runner/work/diodemolegal/diodemolegal/blazorbasic.tests/bin/debug/net8.0/blazorbasic.tests.dll" id="c9236041-cef3-be6e-7383-e854dbee47d1">
      <Execution id="260e8162-e913-4f0a-a2ee-e9f641f3c545" />
      <TestMethod codeBase="/home/runner/work/DIODemoLegal/DIODemoLegal/BlazorBasic.Tests/bin/Debug/net8.0/BlazorBasic.Tests.dll" adapterTypeName="executor://xunit/VsTestRunner2/netcoreapp" className="BlazorBasic.Tests.Models.PollOptionTests" name="PollOption_InitializesWithDefaultValues" />
    </UnitTest>
    <UnitTest name="BlazorBasic.Tests.Services.PollServiceTests.VoteAsync_WhenAlreadyVoted_ReturnsFalse" storage="/home/runner/work/diodemolegal/diodemolegal/blazorbasic.tests/bin/debug/net8.0/blazorbasic.tests.dll" id="2669bdaa-6df6-04d0-fd28-c8599f7747c9">
      <Execution id="6a8c1fb5-264a-4d8f-9079-691f845b1b6e" />
      <TestMethod codeBase="/home/runner/work/DIODemoLegal/DIODemoLegal/BlazorBasic.Tests/bin/Debug/net8.0/BlazorBasic.Tests.dll" adapterTypeName="executor://xunit/VsTestRunner2/netcoreapp" className="BlazorBasic.Tests.Services.PollServiceTests" name="VoteAsync_WhenAlreadyVoted_ReturnsFalse" />
    </UnitTest>
    <UnitTest name="BlazorBasic.Tests.Models.PollDataTests.PollData_OptionsCollectionCanBeModified" storage="/home/runner/work/diodemolegal/diodemolegal/blazorbasic.tests/bin/debug/net8.0/blazorbasic.tests.dll" id="fe18a0da-63d6-c129-850b-e8b087db1342">
      <Execution id="80223f59-dde1-4617-94c2-5c777ae74b73" />
      <TestMethod codeBase="/home/runner/work/DIODemoLegal/DIODemoLegal/BlazorBasic.Tests/bin/Debug/net8.0/BlazorBasic.Tests.dll" adapterTypeName="executor://xunit/VsTestRunner2/netcoreapp" className="BlazorBasic.Tests.Models.PollDataTests" name="PollData_OptionsCollectionCanBeModified" />
    </UnitTest>
    <UnitTest name="BlazorBasic.Tests.Services.PollServiceTests.GetTotalVotesAsync_ReturnsCorrectTotal" storage="/home/runner/work/diodemolegal/diodemolegal/blazorbasic.tests/bin/debug/net8.0/blazorbasic.tests.dll" id="7b26bade-0ffe-af8b-02bc-2afb66add935">
      <Execution id="ffbaba9c-1e05-4d64-b9dc-3d70fdf3f1de" />
      <TestMethod codeBase="/home/runner/work/DIODemoLegal/DIODemoLegal/BlazorBasic.Tests/bin/Debug/net8.0/BlazorBasic.Tests.dll" adapterTypeName="executor://xunit/VsTestRunner2/netcoreapp" className="BlazorBasic.Tests.Services.PollServiceTests" name="GetTotalVotesAsync_ReturnsCorrectTotal" />
    </UnitTest>
    <UnitTest name="BlazorBasic.Tests.Models.PollDataTests.PollData_CanSetAllProperties" storage="/home/runner/work/diodemolegal/diodemolegal/blazorbasic.tests/bin/debug/net8.0/blazorbasic.tests.dll" id="f0f0bdf2-d79f-9c65-cc41-c23fec5a89f2">
      <Execution id="8a51c65d-0037-4f40-9c63-a21b46531a7b" />
      <TestMethod codeBase="/home/runner/work/DIODemoLegal/DIODemoLegal/BlazorBasic.Tests/bin/Debug/net8.0/BlazorBasic.Tests.dll" adapterTypeName="executor://xunit/VsTestRunner2/netcoreapp" className="BlazorBasic.Tests.Models.PollDataTests" name="PollData_CanSetAllProperties" />
    </UnitTest>
    <UnitTest name="BlazorBasic.Tests.Models.PollDataTests.PollData_CanTrackVotingState" storage="/home/runner/work/diodemolegal/diodemolegal/blazorbasic.tests/bin/debug/net8.0/blazorbasic.tests.dll" id="6c81a23a-f289-e8ba-02d1-60717f6344ec">
      <Execution id="79458c7b-aec4-4725-92c5-21fb0bdd3b61" />
      <TestMethod codeBase="/home/runner/work/DIODemoLegal/DIODemoLegal/BlazorBasic.Tests/bin/Debug/net8.0/BlazorBasic.Tests.dll" adapterTypeName="executor://xunit/VsTestRunner2/netcoreapp" className="BlazorBasic.Tests.Models.PollDataTests" name="PollData_CanTrackVotingState" />
    </UnitTest>
    <UnitTest name="BlazorBasic.Tests.Services.PollServiceTests.GetResultsAsync_ReturnsAllPollOptions" storage="/home/runner/work/diodemolegal/diodemolegal/blazorbasic.tests/bin/debug/net8.0/blazorbasic.tests.dll" id="e9fe33b1-32da-4071-6fcd-4df023da8e2b">
      <Execution id="c90a57a4-de79-42ae-a392-690cb4b9d2c1" />
      <TestMethod codeBase="/home/runner/work/DIODemoLegal/DIODemoLegal/BlazorBasic.Tests/bin/Debug/net8.0/BlazorBasic.Tests.dll" adapterTypeName="executor://xunit/VsTestRunner2/netcoreapp" className="BlazorBasic.Tests.Services.PollServiceTests" name="GetResultsAsync_ReturnsAllPollOptions" />
    </UnitTest>
    <UnitTest name="BlazorBasic.Tests.Services.PollServiceTests.HasVotedAsync_WhenNotVoted_ReturnsFalse" storage="/home/runner/work/diodemolegal/diodemolegal/blazorbasic.tests/bin/debug/net8.0/blazorbasic.tests.dll" id="7fbda73e-18fc-46f8-8cc4-08daeb7e784a">
      <Execution id="16fba62f-c731-4abc-9fdd-09bf9c5f7e2d" />
      <TestMethod codeBase="/home/runner/work/DIODemoLegal/DIODemoLegal/BlazorBasic.Tests/bin/Debug/net8.0/BlazorBasic.Tests.dll" adapterTypeName="executor://xunit/VsTestRunner2/netcoreapp" className="BlazorBasic.Tests.Services.PollServiceTests" name="HasVotedAsync_WhenNotVoted_ReturnsFalse" />
    </UnitTest>
    <UnitTest name="BlazorBasic.Tests.Models.PollDataTests.PollData_InitializesWithDefaultValues" storage="/home/runner/work/diodemolegal/diodemolegal/blazorbasic.tests/bin/debug/net8.0/blazorbasic.tests.dll" id="e09714d1-ef47-db38-3f88-829ddad528d4">
      <Execution id="dd2f82d3-2d9f-4fdb-bf7d-c24b6d092b7a" />
      <TestMethod codeBase="/home/runner/work/DIODemoLegal/DIODemoLegal/BlazorBasic.Tests/bin/Debug/net8.0/BlazorBasic.Tests.dll" adapterTypeName="executor://xunit/VsTestRunner2/netcoreapp" className="BlazorBasic.Tests.Models.PollDataTests" name="PollData_InitializesWithDefaultValues" />
    </UnitTest>
    <UnitTest name="BlazorBasic.Tests.Models.PollOptionTests.PollOption_VoteCountCanBeIncremented" storage="/home/runner/work/diodemolegal/diodemolegal/blazorbasic.tests/bin/debug/net8.0/blazorbasic.tests.dll" id="d1db7887-a50a-2504-262d-e7015169fb86">
      <Execution id="efbd6cd3-3f49-4a03-8e2b-7f98d64fde6d" />
      <TestMethod codeBase="/home/runner/work/DIODemoLegal/DIODemoLegal/BlazorBasic.Tests/bin/Debug/net8.0/BlazorBasic.Tests.dll" adapterTypeName="executor://xunit/VsTestRunner2/netcoreapp" className="BlazorBasic.Tests.Models.PollOptionTests" name="PollOption_VoteCountCanBeIncremented" />
    </UnitTest>
    <UnitTest name="BlazorBasic.Tests.Models.PollOptionTests.PollOption_CanSetAllProperties" storage="/home/runner/work/diodemolegal/diodemolegal/blazorbasic.tests/bin/debug/net8.0/blazorbasic.tests.dll" id="756badf8-4316-b446-e1c2-9a91375bc023">
      <Execution id="cf094296-4000-4f88-b011-d97fca6e8427" />
      <TestMethod codeBase="/home/runner/work/DIODemoLegal/DIODemoLegal/BlazorBasic.Tests/bin/Debug/net8.0/BlazorBasic.Tests.dll" adapterTypeName="executor://xunit/VsTestRunner2/netcoreapp" className="BlazorBasic.Tests.Models.PollOptionTests" name="PollOption_CanSetAllProperties" />
    </UnitTest>
    <UnitTest name="BlazorBasic.Tests.Services.PollServiceTests.GetTotalVotesAsync_WhenNoVotes_ReturnsZero" storage="/home/runner/work/diodemolegal/diodemolegal/blazorbasic.tests/bin/debug/net8.0/blazorbasic.tests.dll" id="0f005d8e-ca76-db0b-ea93-ae38478a77e3">
      <Execution id="7bf7b804-02ec-48d5-a0bf-1286f1956c43" />
      <TestMethod codeBase="/home/runner/work/DIODemoLegal/DIODemoLegal/BlazorBasic.Tests/bin/Debug/net8.0/BlazorBasic.Tests.dll" adapterTypeName="executor://xunit/VsTestRunner2/netcoreapp" className="BlazorBasic.Tests.Services.PollServiceTests" name="GetTotalVotesAsync_WhenNoVotes_ReturnsZero" />
    </UnitTest>
  </TestDefinitions>
  <TestEntries>
    <TestEntry testId="c9236041-cef3-be6e-7383-e854dbee47d1" executionId="260e8162-e913-4f0a-a2ee-e9f641f3c545" testListId="8c84fa94-04c1-424b-9868-57a2d4851a1d" />
    <TestEntry testId="756badf8-4316-b446-e1c2-9a91375bc023" executionId="cf094296-4000-4f88-b011-d97fca6e8427" testListId="8c84fa94-04c1-424b-9868-57a2d4851a1d" />
    <TestEntry testId="0f005d8e-ca76-db0b-ea93-ae38478a77e3" executionId="7bf7b804-02ec-48d5-a0bf-1286f1956c43" testListId="8c84fa94-04c1-424b-9868-57a2d4851a1d" />
    <TestEntry testId="6c81a23a-f289-e8ba-02d1-60717f6344ec" executionId="79458c7b-aec4-4725-92c5-21fb0bdd3b61" testListId="8c84fa94-04c1-424b-9868-57a2d4851a1d" />
    <TestEntry testId="3315d496-c6ff-7940-edb1-4b47cf6317dc" executionId="bbe2c42e-6c85-4ca0-beaf-86bf1072caff" testListId="8c84fa94-04c1-424b-9868-57a2d4851a1d" />
    <TestEntry testId="f0f0bdf2-d79f-9c65-cc41-c23fec5a89f2" executionId="8a51c65d-0037-4f40-9c63-a21b46531a7b" testListId="8c84fa94-04c1-424b-9868-57a2d4851a1d" />
    <TestEntry testId="e8b326ed-aee4-f0e4-2b8d-16d19312afde" executionId="5574e983-c801-4576-95c4-263e69c02b32" testListId="8c84fa94-04c1-424b-9868-57a2d4851a1d" />
    <TestEntry testId="e09714d1-ef47-db38-3f88-829ddad528d4" executionId="dd2f82d3-2d9f-4fdb-bf7d-c24b6d092b7a" testListId="8c84fa94-04c1-424b-9868-57a2d4851a1d" />
    <TestEntry testId="7b26bade-0ffe-af8b-02bc-2afb66add935" executionId="ffbaba9c-1e05-4d64-b9dc-3d70fdf3f1de" testListId="8c84fa94-04c1-424b-9868-57a2d4851a1d" />
    <TestEntry testId="7fbda73e-18fc-46f8-8cc4-08daeb7e784a" executionId="16fba62f-c731-4abc-9fdd-09bf9c5f7e2d" testListId="8c84fa94-04c1-424b-9868-57a2d4851a1d" />
    <TestEntry testId="e9fe33b1-32da-4071-6fcd-4df023da8e2b" executionId="c90a57a4-de79-42ae-a392-690cb4b9d2c1" testListId="8c84fa94-04c1-424b-9868-57a2d4851a1d" />
    <TestEntry testId="c6fe54f4-15e6-ecfe-232d-357e131071bb" executionId="c92c6e4b-78a4-47d4-8ff5-2ec9dfe1b6e6" testListId="8c84fa94-04c1-424b-9868-57a2d4851a1d" />
    <TestEntry testId="2669bdaa-6df6-04d0-fd28-c8599f7747c9" executionId="6a8c1fb5-264a-4d8f-9079-691f845b1b6e" testListId="8c84fa94-04c1-424b-9868-57a2d4851a1d" />
    <TestEntry testId="fe18a0da-63d6-c129-850b-e8b087db1342" executionId="80223f59-dde1-4617-94c2-5c777ae74b73" testListId="8c84fa94-04c1-424b-9868-57a2d4851a1d" />
    <TestEntry testId="d1db7887-a50a-2504-262d-e7015169fb86" executionId="efbd6cd3-3f49-4a03-8e2b-7f98d64fde6d" testListId="8c84fa94-04c1-424b-9868-57a2d4851a1d" />
  </TestEntries>
  <TestLists>
    <TestList name="Results Not in a List" id="8c84fa94-04c1-424b-9868-57a2d4851a1d" />
    <TestList name="All Loaded Results" id="19431567-8539-422a-85d7-44ee4e166bda" />
  </TestLists>
  <ResultSummary outcome="Completed">
    <Counters total="15" executed="15" passed="15" failed="0" error="0" timeout="0" aborted="0" inconclusive="0" passedButRunAborted="0" notRunnable="0" notExecuted="0" disconnected="0" warning="0" completed="0" inProgress="0" pending="0" />
    <Output>
      <StdOut>[xUnit.net 00:00:00.00] xUnit.net VSTest Adapter v2.4.5+1caef2f33e (64-bit .NET 8.0.18)
[xUnit.net 00:00:00.41]   Discovering: BlazorBasic.Tests
[xUnit.net 00:00:00.44]   Discovered:  BlazorBasic.Tests
[xUnit.net 00:00:00.44]   Starting:    BlazorBasic.Tests
[xUnit.net 00:00:00.67]   Finished:    BlazorBasic.Tests
</StdOut>
    </Output>
  </ResultSummary>
</TestRun>